18:25:03 **** Build of project design_1_wrapper ****
buildplatform.bat 54377 design_1_wrapper  
XSDB Server Channel: tcfchan#6
Building the BSP Library for domain  - domain_microblaze_0 on processor microblaze_0
"Running Make include in microblaze_0/libsrc/bram_v4_4/src"

make -C microblaze_0/libsrc/bram_v4_4/src -s include  "SHELL=CMD" "COMPILER=mb-gcc" "ASSEMBLER=mb-as" "ARCHIVER=mb-ar" "COMPILE
R_FLAGS=  -O2 -c -mcpu=v11.0 -mlittle-endian -mxl-soft-mul" "EXTRA_COMPILER_FLAGS=-g -ffunction-sections -fdata-sections -Wall 
-Wextra"

"Running Make include in microblaze_0/libsrc/cpu_v2_11/src"

make -C microblaze_0/libsrc/cpu_v2_11/src -s include  "SHELL=CMD" "COMPILER=mb-gcc" "ASSEMBLER=mb-as" "ARCHIVER=mb-ar" "COMPILE
R_FLAGS=  -O2 -c -mcpu=v11.0 -mlittle-endian -mxl-soft-mul" "EXTRA_COMPILER_FLAGS=-g -ffunction-sections -fdata-sections -Wall 
-Wextra"

"Running Make include in microblaze_0/libsrc/intc_v3_11/src"

make -C microblaze_0/libsrc/intc_v3_11/src -s include  "SHELL=CMD" "COMPILER=mb-gcc" "ASSEMBLER=mb-as" "ARCHIVER=mb-ar" "COMPIL
ER_FLAGS=  -O2 -c -mcpu=v11.0 -mlittle-endian -mxl-soft-mul" "EXTRA_COMPILER_FLAGS=-g -ffunction-sections -fdata-sections -Wall
 -Wextra"

"Running Make include in microblaze_0/libsrc/standalone_v7_2/src"

make -C microblaze_0/libsrc/standalone_v7_2/src -s include  "SHELL=CMD" "COMPILER=mb-gcc" "ASSEMBLER=mb-as" "ARCHIVER=mb-ar" "C
OMPILER_FLAGS=  -O2 -c -mcpu=v11.0 -mlittle-endian -mxl-soft-mul" "EXTRA_COMPILER_FLAGS=-g -ffunction-sections -fdata-sections 
-Wall -Wextra"

"Running Make include in microblaze_0/libsrc/uartlite_v3_4/src"

make -C microblaze_0/libsrc/uartlite_v3_4/src -s include  "SHELL=CMD" "COMPILER=mb-gcc" "ASSEMBLER=mb-as" "ARCHIVER=mb-ar" "COM
PILER_FLAGS=  -O2 -c -mcpu=v11.0 -mlittle-endian -mxl-soft-mul" "EXTRA_COMPILER_FLAGS=-g -ffunction-sections -fdata-sections -W
all -Wextra"

"Running Make libs in microblaze_0/libsrc/bram_v4_4/src"

make -C microblaze_0/libsrc/bram_v4_4/src -s libs  "SHELL=CMD" "COMPILER=mb-gcc" "ASSEMBLER=mb-as" "ARCHIVER=mb-ar" "COMPILER_F
LAGS=  -O2 -c -mcpu=v11.0 -mlittle-endian -mxl-soft-mul" "EXTRA_COMPILER_FLAGS=-g -ffunction-sections -fdata-sections -Wall -We
xtra"

"Compiling bram"

mb-ar: creating ../../../lib/libxil.a
"Running Make libs in microblaze_0/libsrc/cpu_v2_11/src"

make -C microblaze_0/libsrc/cpu_v2_11/src -s libs  "SHELL=CMD" "COMPILER=mb-gcc" "ASSEMBLER=mb-as" "ARCHIVER=mb-ar" "COMPILER_F
LAGS=  -O2 -c -mcpu=v11.0 -mlittle-endian -mxl-soft-mul" "EXTRA_COMPILER_FLAGS=-g -ffunction-sections -fdata-sections -Wall -We
xtra"

"Compiling cpu"

"Running Make libs in microblaze_0/libsrc/intc_v3_11/src"

make -C microblaze_0/libsrc/intc_v3_11/src -s libs  "SHELL=CMD" "COMPILER=mb-gcc" "ASSEMBLER=mb-as" "ARCHIVER=mb-ar" "COMPILER_
FLAGS=  -O2 -c -mcpu=v11.0 -mlittle-endian -mxl-soft-mul" "EXTRA_COMPILER_FLAGS=-g -ffunction-sections -fdata-sections -Wall -W
extra"

"Compiling intc"

"Running Make libs in microblaze_0/libsrc/standalone_v7_2/src"

make -C microblaze_0/libsrc/standalone_v7_2/src -s libs  "SHELL=CMD" "COMPILER=mb-gcc" "ASSEMBLER=mb-as" "ARCHIVER=mb-ar" "COMP
ILER_FLAGS=  -O2 -c -mcpu=v11.0 -mlittle-endian -mxl-soft-mul" "EXTRA_COMPILER_FLAGS=-g -ffunction-sections -fdata-sections -Wa
ll -Wextra"

"Compiling standalone";

microblaze_sleep.c:55:9: note: #pragma message: For the sleep routines, assembly instructions are used
   55 | #pragma message ("For the sleep routines, assembly instructions are used")
      |         ^~~~~~~
"Running Make libs in microblaze_0/libsrc/uartlite_v3_4/src"

make -C microblaze_0/libsrc/uartlite_v3_4/src -s libs  "SHELL=CMD" "COMPILER=mb-gcc" "ASSEMBLER=mb-as" "ARCHIVER=mb-ar" "COMPIL
ER_FLAGS=  -O2 -c -mcpu=v11.0 -mlittle-endian -mxl-soft-mul" "EXTRA_COMPILER_FLAGS=-g -ffunction-sections -fdata-sections -Wall
 -Wextra"

"Compiling uartlite"

'Finished building libraries'

18:25:09 **** Build of configuration Debug for project memory_boot ****
make all 
'Building file: ../src/helloworld.c'
'Invoking: MicroBlaze gcc compiler'
mb-gcc -Wall -O0 -g3 -c -fmessage-length=0 -MT"src/helloworld.o" -IC:/Users/alise/Desktop/VIVADO/PROJECTS/MEMORY_WORK/PS/design_1_wrapper/export/design_1_wrapper/sw/design_1_wrapper/domain_microblaze_0/bspinclude/include -mlittle-endian -mcpu=v11.0 -mxl-soft-mul -Wl,--no-relax -ffunction-sections -fdata-sections -MMD -MP -MF"src/helloworld.d" -MT"src/helloworld.o" -o "src/helloworld.o" "../src/helloworld.c"
'Finished building: ../src/helloworld.c'
' '
'Building file: ../src/platform.c'
'Invoking: MicroBlaze gcc compiler'
mb-gcc -Wall -O0 -g3 -c -fmessage-length=0 -MT"src/platform.o" -IC:/Users/alise/Desktop/VIVADO/PROJECTS/MEMORY_WORK/PS/design_1_wrapper/export/design_1_wrapper/sw/design_1_wrapper/domain_microblaze_0/bspinclude/include -mlittle-endian -mcpu=v11.0 -mxl-soft-mul -Wl,--no-relax -ffunction-sections -fdata-sections -MMD -MP -MF"src/platform.d" -MT"src/platform.o" -o "src/platform.o" "../src/platform.c"
'Finished building: ../src/platform.c'
' '
make: *** No rule to make target '../src/lscript.ld', needed by 'memory_boot.elf'.  Stop.
Nothing to build in platform 'design_1_wrapper'

18:26:32 **** Clean-only build of configuration Debug for project memory_boot ****
make clean 
rm -rf  ./src/helloworld.o ./src/platform.o  ./src/helloworld.d ./src/platform.d  memory_boot.elf.size  memory_boot.elf
' '
18:26:32 **** Incremental Build of configuration Debug for project memory_boot ****
make all 
'Building file: ../src/helloworld.c'
'Invoking: MicroBlaze gcc compiler'
mb-gcc -Wall -O0 -g3 -c -fmessage-length=0 -MT"src/helloworld.o" -IC:/Users/alise/Desktop/VIVADO/PROJECTS/MEMORY_WORK/PS/design_1_wrapper/export/design_1_wrapper/sw/design_1_wrapper/domain_microblaze_0/bspinclude/include -mlittle-endian -mcpu=v11.0 -mxl-soft-mul -Wl,--no-relax -ffunction-sections -fdata-sections -MMD -MP -MF"src/helloworld.d" -MT"src/helloworld.o" -o "src/helloworld.o" "../src/helloworld.c"
'Finished building: ../src/helloworld.c'
' '
'Building file: ../src/platform.c'
'Invoking: MicroBlaze gcc compiler'
mb-gcc -Wall -O0 -g3 -c -fmessage-length=0 -MT"src/platform.o" -IC:/Users/alise/Desktop/VIVADO/PROJECTS/MEMORY_WORK/PS/design_1_wrapper/export/design_1_wrapper/sw/design_1_wrapper/domain_microblaze_0/bspinclude/include -mlittle-endian -mcpu=v11.0 -mxl-soft-mul -Wl,--no-relax -ffunction-sections -fdata-sections -MMD -MP -MF"src/platform.d" -MT"src/platform.o" -o "src/platform.o" "../src/platform.c"
'Finished building: ../src/platform.c'
' '
'Building target: memory_boot.elf'
'Invoking: MicroBlaze gcc linker'
mb-gcc -Wl,-T -Wl,../src/lscript.ld -LC:/Users/alise/Desktop/VIVADO/PROJECTS/MEMORY_WORK/PS/design_1_wrapper/export/design_1_wrapper/sw/design_1_wrapper/domain_microblaze_0/bsplib/lib -mlittle-endian -mcpu=v11.0 -mxl-soft-mul -Wl,--no-relax -Wl,--gc-sections -o "memory_boot.elf"  ./src/helloworld.o ./src/platform.o   -Wl,--start-group,-lxil,-lgcc,-lc,--end-group
'Finished building target: memory_boot.elf'
' '
'Invoking: MicroBlaze Print Size'
mb-size memory_boot.elf  |tee "memory_boot.elf.size"
   text	   data	    bss	    dec	    hex	filename
   2312	    296	  32768	  35376	   8a30	memory_boot.elf
'Finished building: memory_boot.elf.size'
' '
18:26:33 **** Build of configuration Debug for project memory_boot_system ****
make all 
Skipping SD card image generation. Reason: "The system project only has applications for microblaze processors."
